Testing API Flow...

1. Creating Visitor Company...
SUCCESS: Company ID 1002

2. Creating Response...
SUCCESS: Response ID 1002

3. Saving Answers...
FAILED to save answers: Expecting value: line 1 column 1 (char 0)

4. Completing Assessment...
FAILED: {"detail":"Cannot complete assessment: No answers provided."}
